GAS LISTING C:\DOCUME~1\goban01\LOCALS~1\Temp/ccacaaaa.s 			page 1


   1               		.file	"SynchronizationBus.c"
   2               		.arch atmega103
   3               	__SREG__ = 0x3f
   4               	__SP_H__ = 0x3e
   5               	__SP_L__ = 0x3d
   6               	__tmp_reg__ = 0
   7               	__zero_reg__ = 1
   8               		.global __do_copy_data
   9               		.global __do_clear_bss
  10               		.text
  11               	.global	signal_and_release
  12               		.type	signal_and_release, @function
  13               	signal_and_release:
  14               	/* prologue: frame size=0 */
  15               	/* prologue end (size=0) */
  16               	/* #APP */
  17 0000 0FB6      		in __tmp_reg__,__SREG__
  18 0002 F894      		cli
  19 0004 0F92      		push __tmp_reg__
  20               		
  21               	/* #NOAPP */
  22 0006 E82F      		mov r30,r24
  23 0008 FF27      		clr r31
  24 000a EE0F      		add r30,r30
  25 000c FF1F      		adc r31,r31
  26 000e E050      		subi r30,lo8(-(SCB))
  27 0010 F040      		sbci r31,hi8(-(SCB))
  28 0012 8081      		ld r24,Z
  29 0014 862B      		or r24,r22
  30 0016 8083      		st Z,r24
  31 0018 8181      		ldd r24,Z+1
  32 001a 0E94 0000 		call release
  33               	/* #APP */
  34 001e 0F90      		pop __tmp_reg__
  35 0020 0FBE      		out __SREG__,__tmp_reg__
  36               		
  37               	/* #NOAPP */
  38               	/* epilogue: frame size=0 */
  39 0022 0895      		ret
  40               	/* epilogue end (size=1) */
  41               	/* function signal_and_release size 27 (26) */
  42               		.size	signal_and_release, .-signal_and_release
  43               	.global	test_and_reset
  44               		.type	test_and_reset, @function
  45               	test_and_reset:
  46               	/* prologue: frame size=0 */
  47               	/* prologue end (size=0) */
  48               	/* #APP */
  49 0024 0FB6      		in __tmp_reg__,__SREG__
  50 0026 F894      		cli
  51 0028 0F92      		push __tmp_reg__
  52               		
  53               	/* #NOAPP */
  54 002a A82F      		mov r26,r24
  55 002c BB27      		clr r27
  56 002e AA0F      		add r26,r26
  57 0030 BB1F      		adc r27,r27
GAS LISTING C:\DOCUME~1\goban01\LOCALS~1\Temp/ccacaaaa.s 			page 2


  58 0032 A050      		subi r26,lo8(-(SCB))
  59 0034 B040      		sbci r27,hi8(-(SCB))
  60 0036 4C91      		ld r20,X
  61 0038 242F      		mov r18,r20
  62 003a 3327      		clr r19
  63 003c 8091 0000 		lds r24,RT
  64 0040 E82F      		mov r30,r24
  65 0042 FF27      		clr r31
  66 0044 EE0F      		add r30,r30
  67 0046 FF1F      		adc r31,r31
  68 0048 E050      		subi r30,lo8(-(bit_vect))
  69 004a F040      		sbci r31,hi8(-(bit_vect))
  70 004c 8081      		ld r24,Z
  71 004e 9181      		ldd r25,Z+1
  72 0050 2823      		and r18,r24
  73 0052 3923      		and r19,r25
  74 0054 232B      		or r18,r19
  75 0056 89F0      		breq .L3
  76 0058 8091 0000 		lds r24,RT
  77 005c E82F      		mov r30,r24
  78 005e FF27      		clr r31
  79 0060 EE0F      		add r30,r30
  80 0062 FF1F      		adc r31,r31
  81 0064 E050      		subi r30,lo8(-(bit_vect))
  82 0066 F040      		sbci r31,hi8(-(bit_vect))
  83 0068 8081      		ld r24,Z
  84 006a 8095      		com r24
  85 006c 4823      		and r20,r24
  86 006e 4C93      		st X,r20
  87               	/* #APP */
  88 0070 0F90      		pop __tmp_reg__
  89 0072 0FBE      		out __SREG__,__tmp_reg__
  90               		
  91               	/* #NOAPP */
  92 0074 81E0      		ldi r24,lo8(1)
  93 0076 90E0      		ldi r25,hi8(1)
  94 0078 0895      		ret
  95               	.L3:
  96               	/* #APP */
  97 007a 0F90      		pop __tmp_reg__
  98 007c 0FBE      		out __SREG__,__tmp_reg__
  99               		
 100               	/* #NOAPP */
 101 007e 80E0      		ldi r24,lo8(0)
 102 0080 90E0      		ldi r25,hi8(0)
 103 0082 0895      		ret
 104               	/* epilogue: frame size=0 */
 105               	/* epilogue: noreturn */
 106               	/* epilogue end (size=0) */
 107               	/* function test_and_reset size 61 (61) */
 108               		.size	test_and_reset, .-test_and_reset
 109               	/* File "../kernel_0_5/SynchronizationBus.c": code   88 = 0x0058 (  87), prologues   0, epilogues  
GAS LISTING C:\DOCUME~1\goban01\LOCALS~1\Temp/ccacaaaa.s 			page 3


DEFINED SYMBOLS
                            *ABS*:00000000 SynchronizationBus.c
                            *ABS*:0000003f __SREG__
                            *ABS*:0000003e __SP_H__
                            *ABS*:0000003d __SP_L__
                            *ABS*:00000000 __tmp_reg__
                            *ABS*:00000001 __zero_reg__
C:\DOCUME~1\goban01\LOCALS~1\Temp/ccacaaaa.s:13     .text:00000000 signal_and_release
C:\DOCUME~1\goban01\LOCALS~1\Temp/ccacaaaa.s:45     .text:00000024 test_and_reset
                            *ABS*:00000000 *ABS*

UNDEFINED SYMBOLS
__do_copy_data
__do_clear_bss
SCB
release
RT
bit_vect
